################################################################################
#                                                                              #
#      IAR Universal Linker V6.4.1.81                                          #
#                                                                              #
#           Link time     =  11/Apr/2017  15:21:26                             #
#           Target CPU    =  x51                                               #
#           List file     =  "C:\Texas Instruments\Z-Stack Mesh 1.0.0_chaokw_2 #
#                            0160317\Z-Stack Mesh 1.0.0_chaokw_20160316\Z-Stac #
#                            k Mesh 1.0.0_LCDOK\Z-Stack Mesh 1.0.0\Projects\zs #
#                            tack\Utilities\BootLoad\CC2530\CC2530BL\List\Boot #
#                            .map"                                             #
#           Output file 1 =  "C:\Texas Instruments\Z-Stack Mesh 1.0.0_chaokw_2 #
#                            0160317\Z-Stack Mesh 1.0.0_chaokw_20160316\Z-Stac #
#                            k Mesh 1.0.0_LCDOK\Z-Stack Mesh 1.0.0\Projects\zs #
#                            tack\Utilities\BootLoad\CC2530\CC2530BL\Exe\Boot. #
#                            hex"                                              #
#                            Format: intel-extended                            #
#           Output file 2 =  "C:\Texas Instruments\Z-Stack Mesh 1.0.0_chaokw_2 #
#                            0160317\Z-Stack Mesh 1.0.0_chaokw_20160316\Z-Stac #
#                            k Mesh 1.0.0_LCDOK\Z-Stack Mesh 1.0.0\Projects\zs #
#                            tack\Utilities\BootLoad\CC2530\CC2530BL\Exe\CC253 #
#                            0SB.hex"                                          #
#                            Format: intel-extended                            #
#           Command line  =  -a -D_NR_OF_BANKS=0 -D_CODEBANK_END=0             #
#                            -D_CODEBANK_START=0                               #
#                            "-IC:\Program Files (x86)\IAR Systems\Embedded Wo #
#                            rkbench 7.3\8051\CONFIG\"                         #
#                            "C:\Texas Instruments\Z-Stack Mesh 1.0.0_chaokw_2 #
#                            0160317\Z-Stack Mesh 1.0.0_chaokw_20160316\Z-Stac #
#                            k Mesh 1.0.0_LCDOK\Z-Stack Mesh 1.0.0\Projects\zs #
#                            tack\Utilities\BootLoad\CC2530\CC2530BL\Obj\hal_f #
#                            lash.r51"                                         #
#                            "C:\Texas Instruments\Z-Stack Mesh 1.0.0_chaokw_2 #
#                            0160317\Z-Stack Mesh 1.0.0_chaokw_20160316\Z-Stac #
#                            k Mesh 1.0.0_LCDOK\Z-Stack Mesh 1.0.0\Projects\zs #
#                            tack\Utilities\BootLoad\CC2530\CC2530BL\Obj\inter #
#                            rupt_stubs.r51"                                   #
#                            "C:\Texas Instruments\Z-Stack Mesh 1.0.0_chaokw_2 #
#                            0160317\Z-Stack Mesh 1.0.0_chaokw_20160316\Z-Stac #
#                            k Mesh 1.0.0_LCDOK\Z-Stack Mesh 1.0.0\Projects\zs #
#                            tack\Utilities\BootLoad\CC2530\CC2530BL\Obj\sb_ex #
#                            ec.r51"                                           #
#                            "C:\Texas Instruments\Z-Stack Mesh 1.0.0_chaokw_2 #
#                            0160317\Z-Stack Mesh 1.0.0_chaokw_20160316\Z-Stac #
#                            k Mesh 1.0.0_LCDOK\Z-Stack Mesh 1.0.0\Projects\zs #
#                            tack\Utilities\BootLoad\CC2530\CC2530BL\Obj\sb_ma #
#                            in.r51"                                           #
#                            -o                                                #
#                            "C:\Texas Instruments\Z-Stack Mesh 1.0.0_chaokw_2 #
#                            0160317\Z-Stack Mesh 1.0.0_chaokw_20160316\Z-Stac #
#                            k Mesh 1.0.0_LCDOK\Z-Stack Mesh 1.0.0\Projects\zs #
#                            tack\Utilities\BootLoad\CC2530\CC2530BL\Exe\Boot. #
#                            hex"                                              #
#                            -Fintel-extended -l                               #
#                            "C:\Texas Instruments\Z-Stack Mesh 1.0.0_chaokw_2 #
#                            0160317\Z-Stack Mesh 1.0.0_chaokw_20160316\Z-Stac #
#                            k Mesh 1.0.0_LCDOK\Z-Stack Mesh 1.0.0\Projects\zs #
#                            tack\Utilities\BootLoad\CC2530\CC2530BL\List\Boot #
#                            .map"                                             #
#                            -xmsn                                             #
#                            "-IC:\Texas Instruments\Z-Stack Mesh 1.0.0_chaokw #
#                            _20160317\Z-Stack Mesh 1.0.0_chaokw_20160316\Z-St #
#                            ack Mesh 1.0.0_LCDOK\Z-Stack Mesh 1.0.0\Projects\ #
#                            zstack\Utilities\BootLoad\CC2530\..\..\..\Tools\C #
#                            C2530DB\"                                         #
#                            -f sb-boot.xcl (-Z(XDATA)SB_MAGIC_SPACE=0x0001    #
#                            -D_XDATA_START=0x0002 -D_XDATA_END=0x1EFF         #
#                            -D_IDATA_END=0xFF -D_CODE_START=0x0000            #
#                            -D_CODE_END=0x1FFF -D?REGISTER_BANK=0             #
#                            -D_REGISTER_BANK_START=0 -D?PBANK_NUMBER=00       #
#                            -D_BREG_START=0x00 -D?VB=0x20                     #
#                            -Z(BIT)BREG=_BREG_START -Z(BIT)BIT_N=0-7F         #
#                            -Z(DATA)REGISTERS+8=_REGISTER_BANK_START          #
#                            -Z(DATA)BDATA_Z,BDATA_N,BDATA_I=20-2F             #
#                            -Z(DATA)VREG=08-7F -Z(DATA)PSP,XSP=08-7F          #
#                            -Z(DATA)DOVERLAY=08-7F                            #
#                            -Z(DATA)DATA_I,DATA_Z,DATA_N=08-7F                #
#                            -U(IDATA)0-7F=(DATA)0-7F                          #
#                            -Z(IDATA)IDATA_I,IDATA_Z,IDATA_N=08-_IDATA_END    #
#                            -Z(IDATA)ISTACK+_IDATA_STACK_SIZE#08-_IDATA_END   #
#                            -Z(IDATA)IOVERLAY=08-FF                           #
#                            -Z(CODE)INTVEC=_CODE_START                        #
#                            -Z(CODE)BIT_ID,BDATA_ID,DATA_ID,IDATA_ID,IXDATA_I #
#                            D,PDATA_ID,XDATA_ID=_CODE_START-_CODE_END         #
#                            -P(CODE)CSTART,RCODE,DIFUNCT,NEAR_CODE=_CODE_STAR #
#                            T-_CODE_END                                       #
#                            -Z(XDATA)XSTACK+_XDATA_STACK_SIZE=_XDATA_START-_X #
#                            DATA_END                                          #
#                            -Z(XDATA)XDATA_Z,XDATA_I=_XDATA_START-_XDATA_END  #
#                            -P(XDATA)XDATA_N=_XDATA_START-_XDATA_END -cx51    #
#                            -HFFFF) -D_NR_OF_VIRTUAL_REGISTERS=10             #
#                            -D?PBANK=0x93 -e_small_write=_formatted_write     #
#                            -e_medium_read=_formatted_read                    #
#                            "-Ointel-extended=C:\Texas Instruments\Z-Stack Me #
#                            sh 1.0.0_chaokw_20160317\Z-Stack Mesh 1.0.0_chaok #
#                            w_20160316\Z-Stack Mesh 1.0.0_LCDOK\Z-Stack Mesh  #
#                            1.0.0\Projects\zstack\Utilities\BootLoad\CC2530\C #
#                            C2530BL\Exe\CC2530SB.hex"                         #
#                            -s __program_start                                #
#                            "C:\Program Files (x86)\IAR Systems\Embedded Work #
#                            bench 7.3\8051\LIB\CLIB\cl-pli-nlxd-1e16x01.r51"  #
#                            -D_IDATA_STACK_SIZE=0xC0 -D?ESP=0 -D?ESP_MASK=0   #
#                            -D_EXTENDED_STACK_START=0                         #
#                            -D_EXTENDED_STACK_SIZE=0                          #
#                            -D_PDATA_STACK_SIZE=0x0                           #
#                            -D_XDATA_STACK_SIZE=0x300                         #
#                            -D_XDATA_HEAP_SIZE=0x00 -D_FAR_HEAP_SIZE=0x000    #
#                            -D_HUGE_HEAP_SIZE=0x000                           #
#                            -D_FAR22_HEAP_SIZE=0xFFF                          #
#                                                                              #
#                           Copyright (C) 1987-2015 IAR Systems AB.            #
################################################################################





                ****************************************
                *                                      *
                *           CROSS REFERENCE            *
                *                                      *
                ****************************************

       Program entry at : CODE      00000C64  Relocatable, from module : CSTARTUP




                ****************************************
                *                                      *
                *            RUNTIME MODEL             *
                *                                      *
                ****************************************

  __SystemLibrary          = CLib
  __calling_convention     = xdata_reentrant
  __code_model             = near
  __core                   = plain
  __data_model             = large
  __dptr_size              = 16
  __extended_stack         = disabled
  __location_for_constants = data
  __number_of_dptrs        = 1
  __rt_version             = 1

                ****************************************
                *                                      *
                *    AUTOMATIC SYMBOL REDIRECTIONS     *
                *                                      *
                ****************************************

                  There are no automatic symbol redirections.



                ****************************************
                *                                      *
                *              MODULE MAP              *
                *                                      *
                ****************************************


  DEFINED ABSOLUTE ENTRIES
  PROGRAM MODULE, NAME : ?ABS_ENTRY_MOD

Absolute parts
           ENTRY                   ADDRESS         REF BY
           =====                   =======         ======
           _FAR22_HEAP_SIZE        00000FFF 
           _HUGE_HEAP_SIZE         00000000 
           _FAR_HEAP_SIZE          00000000 
           _XDATA_HEAP_SIZE        00000000 
           _XDATA_STACK_SIZE       00000300 
           _PDATA_STACK_SIZE       00000000 
           _EXTENDED_STACK_SIZE    00000000 
           _EXTENDED_STACK_START   00000000 
           ?ESP_MASK               00000000 
           ?ESP                    00000000 
           _IDATA_STACK_SIZE       000000C0 
           ?PBANK                  00000093 
           _NR_OF_VIRTUAL_REGISTERS
                                   00000010 
           ?VB                     00000020        ?FUNC_ENTER_XDATA (?FUNC_ENTER_XDATA)
                                                   ?FUNC_LEAVE_XDATA (?FUNC_LEAVE_XDATA)
           _BREG_START             00000000 
           ?PBANK_NUMBER           00000000 
           _REGISTER_BANK_START    00000000 
           ?REGISTER_BANK          00000000        Segment part 6 (CSTARTUP)
           _CODE_END               00001FFF 
           _CODE_START             00000000 
           _IDATA_END              000000FF 
           _XDATA_END              00001EFF 
           _XDATA_START            00000002 
           _CODEBANK_START         00000000 
           _CODEBANK_END           00000000 
           _NR_OF_BANKS            00000000 
    *************************************************************************

  FILE NAME : C:\Texas Instruments\Z-Stack Mesh 1.0.0_chaokw_20160317\Z-Stack Mesh 1.0.0_chaokw_20160316\Z-Stack Mesh 1.0.0_LCDOK\Z-Stack Mesh 1.0.0\Projects\zstack\Utilities\BootLoad\CC2530\CC2530BL\Obj\hal_flash.r51
  PROGRAM MODULE, NAME : hal_flash

  SEGMENTS IN THE MODULE
  ======================
SFR_AN
  Relative segment, address: DATA 000000A8 - 000000A8 (0x1 bytes), align: 0
  Segment part 1. ROOT        Intra module refs:   HalFlashRead
                                                   main (sb_main)
                                                   sblJump (sb_main)
           ENTRY                   ADDRESS         REF BY
           =====                   =======         ======
           _A_IEN0                 000000A8 
           LOCAL                   ADDRESS         
           =====                   =======         
           IEN0                    000000A8 
    -------------------------------------------------------------------------
SFR_AN
  Relative segment, address: DATA 000000C7 - 000000C7 (0x1 bytes), align: 0
  Segment part 2. ROOT        Intra module refs:   HalFlashRead
           ENTRY                   ADDRESS         REF BY
           =====                   =======         ======
           MEMCTR                  000000C7 
    -------------------------------------------------------------------------
SFR_AN
  Relative segment, address: DATA 000000D1 - 000000D1 (0x1 bytes), align: 0
  Segment part 3. ROOT        Intra module refs:   HalFlashWrite
           ENTRY                   ADDRESS         REF BY
           =====                   =======         ======
           DMAIRQ                  000000D1 
    -------------------------------------------------------------------------
SFR_AN
  Relative segment, address: DATA 000000D6 - 000000D6 (0x1 bytes), align: 0
  Segment part 4. ROOT        Intra module refs:   HalFlashWrite
           ENTRY                   ADDRESS         REF BY
           =====                   =======         ======
           DMAARM                  000000D6 
    -------------------------------------------------------------------------
<CSTART,NEAR_CODE,RCODE> 1 (was NEAR_CODE)
  Relative segment, address: CODE 00000980 - 00000A03 (0x84 bytes), align: 0
  Segment part 10.
           ENTRY                   ADDRESS         REF BY
           =====                   =======         ======
           HalFlashRead            00000980        calcCRC (sb_exec)
                                                   recalcCRC (sb_exec)
                                                   sbCmnd (sb_exec)
                                                   sbImgValid (sb_exec)
               XSTACK = 00000002 ( 0000000A )
               ISTACK = 00000000 ( 00000001 )
    -------------------------------------------------------------------------
<CSTART,NEAR_CODE,RCODE> 1 (was NEAR_CODE)
  Relative segment, address: CODE 00000A04 - 00000A69 (0x66 bytes), align: 0
  Segment part 11.
           ENTRY                   ADDRESS         REF BY
           =====                   =======         ======
           HalFlashWrite           00000A04        sbCmnd (sb_exec)
                                                   sbImgValid (sb_exec)
               XSTACK = 00000002 ( 00000009 )
    -------------------------------------------------------------------------
<CSTART,NEAR_CODE,RCODE> 1 (was NEAR_CODE)
  Relative segment, address: CODE 00000A6A - 00000A80 (0x17 bytes), align: 0
  Segment part 12.
           ENTRY                   ADDRESS         REF BY
           =====                   =======         ======
           HalFlashErase           00000A6A        sbCmnd (sb_exec)
               ISTACK = 00000000 ( 00000002 )

    *************************************************************************

  FILE NAME : C:\Texas Instruments\Z-Stack Mesh 1.0.0_chaokw_20160317\Z-Stack Mesh 1.0.0_chaokw_20160316\Z-Stack Mesh 1.0.0_LCDOK\Z-Stack Mesh 1.0.0\Projects\zstack\Utilities\BootLoad\CC2530\CC2530BL\Obj\interrupt_stubs.r51
  PROGRAM MODULE, NAME : interrupt_stubs

  SEGMENTS IN THE MODULE
  ======================
INTVEC
  Common segment, address: CODE 00000000 - 0000008D (0x8e bytes), align: 1
  Segment part 0. ROOT 

    *************************************************************************

  FILE NAME : C:\Texas Instruments\Z-Stack Mesh 1.0.0_chaokw_20160317\Z-Stack Mesh 1.0.0_chaokw_20160316\Z-Stack Mesh 1.0.0_LCDOK\Z-Stack Mesh 1.0.0\Projects\zstack\Utilities\BootLoad\CC2530\CC2530BL\Obj\sb_exec.r51
  PROGRAM MODULE, NAME : sb_exec

  SEGMENTS IN THE MODULE
  ======================
XDATA_Z
  Relative segment, address: XDATA 00000302 - 00000381 (0x80 bytes), align: 0
  Segment part 6.             Intra module refs:   sbCmnd
                                                   sbExec
           LOCAL                   ADDRESS         
           =====                   =======         
           sbBuf                   00000302 
    -------------------------------------------------------------------------
XDATA_Z
  Relative segment, address: XDATA 00000382 - 00000382 (0x1 bytes), align: 0
  Segment part 7.             Intra module refs:   sbExec
           LOCAL                   ADDRESS         
           =====                   =======         
           sbCmd1                  00000382 
    -------------------------------------------------------------------------
XDATA_Z
  Relative segment, address: XDATA 00000383 - 00000383 (0x1 bytes), align: 0
  Segment part 8.             Intra module refs:   sbCmnd
                                                   sbExec
           LOCAL                   ADDRESS         
           =====                   =======         
           sbCmd2                  00000383 
    -------------------------------------------------------------------------
XDATA_Z
  Relative segment, address: XDATA 00000384 - 00000384 (0x1 bytes), align: 0
  Segment part 9.             Intra module refs:   sbExec
           LOCAL                   ADDRESS         
           =====                   =======         
           sbFcs                   00000384 
    -------------------------------------------------------------------------
XDATA_Z
  Relative segment, address: XDATA 00000385 - 00000385 (0x1 bytes), align: 0
  Segment part 10.            Intra module refs:   sbExec
           LOCAL                   ADDRESS         
           =====                   =======         
           sbIdx                   00000385 
    -------------------------------------------------------------------------
XDATA_Z
  Relative segment, address: XDATA 00000386 - 00000386 (0x1 bytes), align: 0
  Segment part 11.            Intra module refs:   sbExec
           LOCAL                   ADDRESS         
           =====                   =======         
           sbLen                   00000386 
    -------------------------------------------------------------------------
XDATA_Z
  Relative segment, address: XDATA 00000387 - 00000387 (0x1 bytes), align: 0
  Segment part 12.            Intra module refs:   sbExec
           LOCAL                   ADDRESS         
           =====                   =======         
           sbSte                   00000387 
    -------------------------------------------------------------------------
<CSTART,NEAR_CODE,RCODE> 1 (was NEAR_CODE)
  Relative segment, address: CODE 000000AE - 000001BB (0x10e bytes), align: 0
  Segment part 23.
           ENTRY                   ADDRESS         REF BY
           =====                   =======         ======
           sbExec                  000000AE        main (sb_main)
               calls direct
               XSTACK = 00000000 ( 0000000A )
               ISTACK = 00000000 ( 00000001 )
    -------------------------------------------------------------------------
<CSTART,NEAR_CODE,RCODE> 1 (was NEAR_CODE)
  Relative segment, address: CODE 000001BC - 000001C3 (0x8 bytes), align: 0
  Segment part 24.            Intra module refs:   sbExec
                                                   sbImgValid
           LOCAL                   ADDRESS         
           =====                   =======         
           ?Subroutine0            000001BC 
    -------------------------------------------------------------------------
<CSTART,NEAR_CODE,RCODE> 1 (was NEAR_CODE)
  Relative segment, address: CODE 000001C4 - 000002A5 (0xe2 bytes), align: 0
  Segment part 25.
           ENTRY                   ADDRESS         REF BY
           =====                   =======         ======
           sbImgValid              000001C4        main (sb_main)
               calls direct
               XSTACK = 00000000 ( 0000000F )
    -------------------------------------------------------------------------
<CSTART,NEAR_CODE,RCODE> 1 (was NEAR_CODE)
  Relative segment, address: CODE 000002A6 - 00000472 (0x1cd bytes), align: 0
  Segment part 26.            Intra module refs:   sbExec
           LOCAL                   ADDRESS         
           =====                   =======         
           sbCmnd                  000002A6 
               calls direct
               XSTACK = 0000000A ( 00000017 )
               ISTACK = 00000000 ( 00000001 )
    -------------------------------------------------------------------------
<CSTART,NEAR_CODE,RCODE> 1 (was NEAR_CODE)
  Relative segment, address: CODE 00000473 - 00000480 (0xe bytes), align: 0
  Segment part 27.            Intra module refs:   sbCmnd
                                                   sbImgValid
           LOCAL                   ADDRESS         
           =====                   =======         
           ?Subroutine3            00000473 
    -------------------------------------------------------------------------
<CSTART,NEAR_CODE,RCODE> 1 (was NEAR_CODE)
  Relative segment, address: CODE 00000481 - 00000489 (0x9 bytes), align: 0
  Segment part 28.            Intra module refs:   sbCmnd
                                                   sbImgValid
           LOCAL                   ADDRESS         
           =====                   =======         
           ?Subroutine2            00000481 
    -------------------------------------------------------------------------
<CSTART,NEAR_CODE,RCODE> 1 (was NEAR_CODE)
  Relative segment, address: CODE 0000048A - 00000492 (0x9 bytes), align: 0
  Segment part 29.            Intra module refs:   ?Subroutine2
                                                   sbExec
           LOCAL                   ADDRESS         
           =====                   =======         
           ?Subroutine7            0000048A 
    -------------------------------------------------------------------------
<CSTART,NEAR_CODE,RCODE> 1 (was NEAR_CODE)
  Relative segment, address: CODE 00000493 - 00000552 (0xc0 bytes), align: 0
  Segment part 30.            Intra module refs:   sbCmnd
                                                   sbImgValid
           LOCAL                   ADDRESS         
           =====                   =======         
           calcCRC                 00000493 
               calls direct
               XSTACK = 00000015 ( 00000217 )
               ISTACK = 00000000 ( 00000002 )
    -------------------------------------------------------------------------
<CSTART,NEAR_CODE,RCODE> 1 (was NEAR_CODE)
  Relative segment, address: CODE 00000553 - 0000055A (0x8 bytes), align: 0
  Segment part 31.            Intra module refs:   calcCRC
                                                   recalcCRC
           LOCAL                   ADDRESS         
           =====                   =======         
           ?Subroutine1            00000553 
    -------------------------------------------------------------------------
<CSTART,NEAR_CODE,RCODE> 1 (was NEAR_CODE)
  Relative segment, address: CODE 0000055B - 0000061D (0xc3 bytes), align: 0
  Segment part 32.            Intra module refs:   sbCmnd
                                                   sbImgValid
           LOCAL                   ADDRESS         
           =====                   =======         
           recalcCRC               0000055B 
               calls direct
               XSTACK = 00000015 ( 00000117 )
               ISTACK = 00000000 ( 00000002 )
    -------------------------------------------------------------------------
<CSTART,NEAR_CODE,RCODE> 1 (was NEAR_CODE)
  Relative segment, address: CODE 0000061E - 00000629 (0xc bytes), align: 0
  Segment part 33.            Intra module refs:   calcCRC
                                                   recalcCRC
           LOCAL                   ADDRESS         
           =====                   =======         
           ?Subroutine6            0000061E 
    -------------------------------------------------------------------------
<CSTART,NEAR_CODE,RCODE> 1 (was NEAR_CODE)
  Relative segment, address: CODE 0000062A - 00000641 (0x18 bytes), align: 0
  Segment part 34.            Intra module refs:   calcCRC
                                                   recalcCRC
           LOCAL                   ADDRESS         
           =====                   =======         
           ?Subroutine5            0000062A 
    -------------------------------------------------------------------------
<CSTART,NEAR_CODE,RCODE> 1 (was NEAR_CODE)
  Relative segment, address: CODE 00000642 - 0000065A (0x19 bytes), align: 0
  Segment part 35.            Intra module refs:   calcCRC
                                                   recalcCRC
           LOCAL                   ADDRESS         
           =====                   =======         
           ?Subroutine4            00000642 
    -------------------------------------------------------------------------
<CSTART,NEAR_CODE,RCODE> 1 (was NEAR_CODE)
  Relative segment, address: CODE 0000065B - 00000698 (0x3e bytes), align: 0
  Segment part 36.            Intra module refs:   calcCRC
                                                   recalcCRC
           LOCAL                   ADDRESS         
           =====                   =======         
           runPoly                 0000065B 
               XSTACK = 00000215 ( 00000000 )
               ISTACK = 00000000 ( 00000002 )
    -------------------------------------------------------------------------
XDATA_I
  Relative segment, address: XDATA 00000595 - 00000598 (0x4 bytes), align: 0
  Segment part 13.            Intra module refs:   calcCRC
                                                   recalcCRC
           ENTRY                   ADDRESS         REF BY
           =====                   =======         ======
           __Constant_ffffe000     00000595 
    -------------------------------------------------------------------------
XDATA_ID
  Relative segment, address: CODE 0000008E - 00000091 (0x4 bytes), align: 0
  Segment part 14.            Intra module refs:   __Constant_ffffe000
    -------------------------------------------------------------------------
XDATA_I
  Relative segment, address: XDATA 00000599 - 0000059C (0x4 bytes), align: 0
  Segment part 15.            Intra module refs:   calcCRC
                                                   recalcCRC
           ENTRY                   ADDRESS         REF BY
           =====                   =======         ======
           __Constant_90           00000599 
    -------------------------------------------------------------------------
XDATA_ID
  Relative segment, address: CODE 00000092 - 00000095 (0x4 bytes), align: 0
  Segment part 16.            Intra module refs:   __Constant_90
    -------------------------------------------------------------------------
XDATA_I
  Relative segment, address: XDATA 0000059D - 000005A0 (0x4 bytes), align: 0
  Segment part 17.            Intra module refs:   calcCRC
           ENTRY                   ADDRESS         REF BY
           =====                   =======         ======
           __Constant_200          0000059D 
    -------------------------------------------------------------------------
XDATA_ID
  Relative segment, address: CODE 00000096 - 00000099 (0x4 bytes), align: 0
  Segment part 18.            Intra module refs:   __Constant_200
    -------------------------------------------------------------------------
XDATA_I
  Relative segment, address: XDATA 000005A1 - 000005A4 (0x4 bytes), align: 0
  Segment part 19.            Intra module refs:   calcCRC
                                                   recalcCRC
           ENTRY                   ADDRESS         REF BY
           =====                   =======         ======
           __Constant_3c800        000005A1 
    -------------------------------------------------------------------------
XDATA_ID
  Relative segment, address: CODE 0000009A - 0000009D (0x4 bytes), align: 0
  Segment part 20.            Intra module refs:   __Constant_3c800
    -------------------------------------------------------------------------
XDATA_I
  Relative segment, address: XDATA 000005A5 - 000005A8 (0x4 bytes), align: 0
  Segment part 21.            Intra module refs:   recalcCRC
           ENTRY                   ADDRESS         REF BY
           =====                   =======         ======
           __Constant_100          000005A5 
    -------------------------------------------------------------------------
XDATA_ID
  Relative segment, address: CODE 0000009E - 000000A1 (0x4 bytes), align: 0
  Segment part 22.            Intra module refs:   __Constant_100

    *************************************************************************

  FILE NAME : C:\Texas Instruments\Z-Stack Mesh 1.0.0_chaokw_20160317\Z-Stack Mesh 1.0.0_chaokw_20160316\Z-Stack Mesh 1.0.0_LCDOK\Z-Stack Mesh 1.0.0\Projects\zstack\Utilities\BootLoad\CC2530\CC2530BL\Obj\sb_main.r51
  PROGRAM MODULE, NAME : sb_main

  SEGMENTS IN THE MODULE
  ======================
SFR_AN
  Relative segment, address: DATA 00000086 - 00000086 (0x1 bytes), align: 0
  Segment part 1. ROOT        Intra module refs:   sblInit
           ENTRY                   ADDRESS         REF BY
           =====                   =======         ======
           U0CSR                   00000086 
    -------------------------------------------------------------------------
SFR_AN
  Relative segment, address: DATA 00000088 - 00000088 (0x1 bytes), align: 0
  Segment part 2. ROOT        Intra module refs:   HalUARTPollISR
           ENTRY                   ADDRESS         REF BY
           =====                   =======         ======
           _A_TCON                 00000088 
           LOCAL                   ADDRESS         
           =====                   =======         
           TCON                    00000088 
    -------------------------------------------------------------------------
SFR_AN
  Relative segment, address: DATA 0000008F - 0000008F (0x1 bytes), align: 0
  Segment part 3. ROOT        Intra module refs:   main
           ENTRY                   ADDRESS         REF BY
           =====                   =======         ======
           P0INP                   0000008F 
    -------------------------------------------------------------------------
SFR_AN
  Relative segment, address: DATA 00000090 - 00000090 (0x1 bytes), align: 0
  Segment part 4. ROOT        Intra module refs:   main
                                                   sblInit
                                                   sblJump
           ENTRY                   ADDRESS         REF BY
           =====                   =======         ======
           _A_P1                   00000090 
           LOCAL                   ADDRESS         
           =====                   =======         
           P1                      00000090 
    -------------------------------------------------------------------------
SFR_AN
  Relative segment, address: DATA 0000009D - 0000009D (0x1 bytes), align: 0
  Segment part 5. ROOT        Intra module refs:   main
           ENTRY                   ADDRESS         REF BY
           =====                   =======         ======
           SLEEPSTA                0000009D 
    -------------------------------------------------------------------------
SFR_AN
  Relative segment, address: DATA 0000009E - 0000009E (0x1 bytes), align: 0
  Segment part 6. ROOT        Intra module refs:   main
           ENTRY                   ADDRESS         REF BY
           =====                   =======         ======
           CLKCONSTA               0000009E 
    -------------------------------------------------------------------------
SFR_AN
  Relative segment, address: DATA 000000B4 - 000000B4 (0x1 bytes), align: 0
  Segment part 8. ROOT        Intra module refs:   vddWait
           ENTRY                   ADDRESS         REF BY
           =====                   =======         ======
           ADCCON1                 000000B4 
    -------------------------------------------------------------------------
SFR_AN
  Relative segment, address: DATA 000000B6 - 000000B6 (0x1 bytes), align: 0
  Segment part 9. ROOT        Intra module refs:   vddWait
           ENTRY                   ADDRESS         REF BY
           =====                   =======         ======
           ADCCON3                 000000B6 
    -------------------------------------------------------------------------
SFR_AN
  Relative segment, address: DATA 000000BB - 000000BB (0x1 bytes), align: 0
  Segment part 10. ROOT       Intra module refs:   vddWait
           ENTRY                   ADDRESS         REF BY
           =====                   =======         ======
           ADCH                    000000BB 
    -------------------------------------------------------------------------
SFR_AN
  Relative segment, address: DATA 000000BE - 000000BE (0x1 bytes), align: 0
  Segment part 11. ROOT       Intra module refs:   main
           ENTRY                   ADDRESS         REF BY
           =====                   =======         ======
           SLEEPCMD                000000BE 
    -------------------------------------------------------------------------
SFR_AN
  Relative segment, address: DATA 000000C1 - 000000C1 (0x1 bytes), align: 0
  Segment part 12. ROOT       Intra module refs:   HalUARTPollISR
           ENTRY                   ADDRESS         REF BY
           =====                   =======         ======
           U0DBUF                  000000C1 
    -------------------------------------------------------------------------
SFR_AN
  Relative segment, address: DATA 000000C2 - 000000C2 (0x1 bytes), align: 0
  Segment part 13. ROOT       Intra module refs:   sblInit
           ENTRY                   ADDRESS         REF BY
           =====                   =======         ======
           U0BAUD                  000000C2 
    -------------------------------------------------------------------------
SFR_AN
  Relative segment, address: DATA 000000C4 - 000000C4 (0x1 bytes), align: 0
  Segment part 14. ROOT       Intra module refs:   sblInit
           ENTRY                   ADDRESS         REF BY
           =====                   =======         ======
           U0UCR                   000000C4 
    -------------------------------------------------------------------------
SFR_AN
  Relative segment, address: DATA 000000C5 - 000000C5 (0x1 bytes), align: 0
  Segment part 15. ROOT       Intra module refs:   sblInit
           ENTRY                   ADDRESS         REF BY
           =====                   =======         ======
           U0GCR                   000000C5 
    -------------------------------------------------------------------------
SFR_AN
  Relative segment, address: DATA 000000C6 - 000000C6 (0x1 bytes), align: 0
  Segment part 16. ROOT       Intra module refs:   main
           ENTRY                   ADDRESS         REF BY
           =====                   =======         ======
           CLKCONCMD               000000C6 
    -------------------------------------------------------------------------
SFR_AN
  Relative segment, address: DATA 000000C9 - 000000C9 (0x1 bytes), align: 0
  Segment part 17. ROOT       Intra module refs:   main
                                                   sblJump
           ENTRY                   ADDRESS         REF BY
           =====                   =======         ======
           WDCTL                   000000C9 
    -------------------------------------------------------------------------
SFR_AN
  Relative segment, address: DATA 000000D4 - 000000D4 (0x1 bytes), align: 0
  Segment part 18. ROOT       Intra module refs:   sblInit
           ENTRY                   ADDRESS         REF BY
           =====                   =======         ======
           DMA0CFGL                000000D4 
    -------------------------------------------------------------------------
SFR_AN
  Relative segment, address: DATA 000000D5 - 000000D5 (0x1 bytes), align: 0
  Segment part 19. ROOT       Intra module refs:   sblInit
           ENTRY                   ADDRESS         REF BY
           =====                   =======         ======
           DMA0CFGH                000000D5 
    -------------------------------------------------------------------------
SFR_AN
  Relative segment, address: DATA 000000E8 - 000000E8 (0x1 bytes), align: 0
  Segment part 20. ROOT       Intra module refs:   HalUARTPollISR
                                                   HalUARTWriteISR
           ENTRY                   ADDRESS         REF BY
           =====                   =======         ======
           _A_IRCON2               000000E8 
           LOCAL                   ADDRESS         
           =====                   =======         
           IRCON2                  000000E8 
    -------------------------------------------------------------------------
SFR_AN
  Relative segment, address: DATA 000000F1 - 000000F1 (0x1 bytes), align: 0
  Segment part 21. ROOT       Intra module refs:   sblInit
           ENTRY                   ADDRESS         REF BY
           =====                   =======         ======
           PERCFG                  000000F1 
    -------------------------------------------------------------------------
SFR_AN
  Relative segment, address: DATA 000000F2 - 000000F2 (0x1 bytes), align: 0
  Segment part 22. ROOT       Intra module refs:   sblInit
           ENTRY                   ADDRESS         REF BY
           =====                   =======         ======
           ADCCFG                  000000F2 
    -------------------------------------------------------------------------
SFR_AN
  Relative segment, address: DATA 000000F3 - 000000F3 (0x1 bytes), align: 0
  Segment part 23. ROOT       Intra module refs:   main
                                                   sblInit
           ENTRY                   ADDRESS         REF BY
           =====                   =======         ======
           P0SEL                   000000F3 
    -------------------------------------------------------------------------
SFR_AN
  Relative segment, address: DATA 000000F4 - 000000F4 (0x1 bytes), align: 0
  Segment part 24. ROOT       Intra module refs:   main
           ENTRY                   ADDRESS         REF BY
           =====                   =======         ======
           P1SEL                   000000F4 
    -------------------------------------------------------------------------
SFR_AN
  Relative segment, address: DATA 000000FD - 000000FD (0x1 bytes), align: 0
  Segment part 25. ROOT       Intra module refs:   main
           ENTRY                   ADDRESS         REF BY
           =====                   =======         ======
           P0DIR                   000000FD 
    -------------------------------------------------------------------------
SFR_AN
  Relative segment, address: DATA 000000FE - 000000FE (0x1 bytes), align: 0
  Segment part 26. ROOT       Intra module refs:   main
                                                   sblInit
           ENTRY                   ADDRESS         REF BY
           =====                   =======         ======
           P1DIR                   000000FE 
    -------------------------------------------------------------------------
SFR_AN
  Relative segment, address: DATA 000000FF - 000000FF (0x1 bytes), align: 0
  Segment part 27. ROOT       Intra module refs:   sblInit
           ENTRY                   ADDRESS         REF BY
           =====                   =======         ======
           P2DIR                   000000FF 
    -------------------------------------------------------------------------
XDATA_Z
  Relative segment, address: XDATA 00000388 - 0000038F (0x8 bytes), align: 0
  Segment part 33.            Intra module refs:   sblInit
           ENTRY                   ADDRESS         REF BY
           =====                   =======         ======
           dmaCh0                  00000388        HalFlashWrite (hal_flash)
    -------------------------------------------------------------------------
XDATA_Z
  Relative segment, address: XDATA 00000390 - 00000594 (0x205 bytes), align: 0
  Segment part 34.            Intra module refs:   HalUARTPollISR
                                                   HalUARTReadISR
                                                   HalUARTWriteISR
                                                   sblInit
           LOCAL                   ADDRESS         
           =====                   =======         
           isrCfg                  00000390 
    -------------------------------------------------------------------------
<CSTART,NEAR_CODE,RCODE> 1 (was NEAR_CODE)
  Relative segment, address: CODE 00000699 - 000006E4 (0x4c bytes), align: 0
  Segment part 41.            Intra module refs:   main
           ENTRY                   ADDRESS         REF BY
           =====                   =======         ======
           HalUARTReadISR          00000699        sbExec (sb_exec)
               XSTACK = 00000001 ( 00000008 )
               ISTACK = 00000000 ( 00000001 )
    -------------------------------------------------------------------------
<CSTART,NEAR_CODE,RCODE> 1 (was NEAR_CODE)
  Relative segment, address: CODE 000006E5 - 00000766 (0x82 bytes), align: 0
  Segment part 42.
           ENTRY                   ADDRESS         REF BY
           =====                   =======         ======
           HalUARTWriteISR         000006E5        sbCmnd (sb_exec)
               XSTACK = 00000000 ( 00000009 )
               ISTACK = 00000000 ( 00000001 )
    -------------------------------------------------------------------------
<CSTART,NEAR_CODE,RCODE> 1 (was NEAR_CODE)
  Relative segment, address: CODE 00000767 - 00000771 (0xb bytes), align: 0
  Segment part 43.            Intra module refs:   HalUARTReadISR
                                                   HalUARTWriteISR
           LOCAL                   ADDRESS         
           =====                   =======         
           ?Subroutine1            00000767 
    -------------------------------------------------------------------------
<CSTART,NEAR_CODE,RCODE> 1 (was NEAR_CODE)
  Relative segment, address: CODE 00000772 - 000007CC (0x5b bytes), align: 0
  Segment part 44.            Intra module refs:   main
           LOCAL                   ADDRESS         
           =====                   =======         
           HalUARTPollISR          00000772 
               XSTACK = 00000001 ( 00000000 )
               ISTACK = 00000000 ( 00000003 )
    -------------------------------------------------------------------------
<CSTART,NEAR_CODE,RCODE> 1 (was NEAR_CODE)
  Relative segment, address: CODE 000007CD - 000007D1 (0x5 bytes), align: 0
  Segment part 45.            Intra module refs:   HalUARTPollISR
                                                   sblInit
           LOCAL                   ADDRESS         
           =====                   =======         
           ?Subroutine0            000007CD 
    -------------------------------------------------------------------------
<CSTART,NEAR_CODE,RCODE> 1 (was NEAR_CODE)
  Relative segment, address: CODE 000007D2 - 0000090A (0x139 bytes), align: 0
  Segment part 46.
           ENTRY                   ADDRESS         REF BY
           =====                   =======         ======
           main                    000007D2        ?call_main (?cmain)
               calls direct
               XSTACK = 00000000 ( 00000001 )
    -------------------------------------------------------------------------
<CSTART,NEAR_CODE,RCODE> 1 (was NEAR_CODE)
  Relative segment, address: CODE 0000090B - 00000914 (0xa bytes), align: 0
  Segment part 47.            Intra module refs:   HalUARTWriteISR
                                                   main
           LOCAL                   ADDRESS         
           =====                   =======         
           ?Subroutine2            0000090B 
    -------------------------------------------------------------------------
<CSTART,NEAR_CODE,RCODE> 1 (was NEAR_CODE)
  Relative segment, address: CODE 00000915 - 00000954 (0x40 bytes), align: 0
  Segment part 48.            Intra module refs:   main
           LOCAL                   ADDRESS         
           =====                   =======         
           sblInit                 00000915 
               XSTACK = 00000001 ( 00000000 )
               ISTACK = 00000000 ( 00000002 )
    -------------------------------------------------------------------------
<CSTART,NEAR_CODE,RCODE> 1 (was NEAR_CODE)
  Relative segment, address: CODE 00000955 - 00000969 (0x15 bytes), align: 0
  Segment part 49.            Intra module refs:   main
           LOCAL                   ADDRESS         
           =====                   =======         
           sblJump                 00000955 
               XSTACK = 00000001 ( 00000000 )
    -------------------------------------------------------------------------
<CSTART,NEAR_CODE,RCODE> 1 (was NEAR_CODE)
  Relative segment, address: CODE 0000096A - 0000097F (0x16 bytes), align: 0
  Segment part 50.            Intra module refs:   main
           LOCAL                   ADDRESS         
           =====                   =======         
           vddWait                 0000096A 
               XSTACK = 00000001 ( 00000000 )
    -------------------------------------------------------------------------
XDATA_I
  Relative segment, address: XDATA 000005A9 - 000005AC (0x4 bytes), align: 0
  Segment part 35.            Intra module refs:   main
           ENTRY                   ADDRESS         REF BY
           =====                   =======         ======
           __Constant_ffffffff     000005A9 
    -------------------------------------------------------------------------
XDATA_ID
  Relative segment, address: CODE 000000A2 - 000000A5 (0x4 bytes), align: 0
  Segment part 36.            Intra module refs:   __Constant_ffffffff
    -------------------------------------------------------------------------
XDATA_I
  Relative segment, address: XDATA 000005AD - 000005B0 (0x4 bytes), align: 0
  Segment part 37.            Intra module refs:   main
           ENTRY                   ADDRESS         REF BY
           =====                   =======         ======
           __Constant_1            000005AD 
    -------------------------------------------------------------------------
XDATA_ID
  Relative segment, address: CODE 000000A6 - 000000A9 (0x4 bytes), align: 0
  Segment part 38.            Intra module refs:   __Constant_1
    -------------------------------------------------------------------------
XDATA_I
  Relative segment, address: XDATA 000005B1 - 000005B4 (0x4 bytes), align: 0
  Segment part 39.            Intra module refs:   main
           ENTRY                   ADDRESS         REF BY
           =====                   =======         ======
           __Constant_40000        000005B1 
    -------------------------------------------------------------------------
XDATA_ID
  Relative segment, address: CODE 000000AA - 000000AD (0x4 bytes), align: 0
  Segment part 40.            Intra module refs:   __Constant_40000

    *************************************************************************

  FILE NAME : C:\Program Files (x86)\IAR Systems\Embedded Workbench 7.3\8051\LIB\CLIB\cl-pli-nlxd-1e16x01.r51
  LIBRARY MODULE, NAME : ?cexit

  SEGMENTS IN THE MODULE
  ======================
<CSTART,NEAR_CODE,RCODE> 1 (was CSTART)
  Relative segment, address: CODE 00000CA1 - 00000CA5 (0x5 bytes), align: 0
  Segment part 0.
           ENTRY                   ADDRESS         REF BY
           =====                   =======         ======
           exit                    00000CA1        ?call_main (?cmain)
           ?C_EXIT                 00000CA1 
           ?ROM_MONITOR_NOPS       00000CA1 

    -------------------------------------------------------------------------
  LIBRARY MODULE, NAME : ?cmain

  SEGMENTS IN THE MODULE
  ======================
<CSTART,NEAR_CODE,RCODE> 1 (was CSTART)
  Relative segment, address: CODE 00000B27, align: 0
  Segment part 5.
           ENTRY                   ADDRESS         REF BY
           =====                   =======         ======
           ?cmain                  00000B27        Segment part 13 (CSTARTUP)
               calls direct
    -------------------------------------------------------------------------
<CSTART,NEAR_CODE,RCODE> 1 (was CSTART)
  Relative segment, address: CODE 00000B27 - 00000B36 (0x10 bytes), align: 0
  Segment part 16.
           ENTRY                   ADDRESS         REF BY
           =====                   =======         ======
           __INIT_XDATA_Z          00000B27        dmaCh0 (sb_main)
                                                   isrCfg (sb_main)
                                                   sbBuf (sb_exec)
                                                   sbCmd1 (sb_exec)
                                                   sbCmd2 (sb_exec)
                                                   sbFcs (sb_exec)
                                                   sbIdx (sb_exec)
                                                   sbLen (sb_exec)
                                                   sbSte (sb_exec)
    -------------------------------------------------------------------------
<CSTART,NEAR_CODE,RCODE> 1 (was CSTART)
  Relative segment, address: CODE 00000B37 - 00000B5C (0x26 bytes), align: 0
  Segment part 33.
           ENTRY                   ADDRESS         REF BY
           =====                   =======         ======
           __INIT_XDATA_I          00000B37        __Constant_1 (sb_main)
                                                   __Constant_100 (sb_exec)
                                                   __Constant_200 (sb_exec)
                                                   __Constant_3c800 (sb_exec)
                                                   __Constant_40000 (sb_main)
                                                   __Constant_90 (sb_exec)
                                                   __Constant_ffffe000 (sb_exec)
                                                   __Constant_ffffffff (sb_main)
    -------------------------------------------------------------------------
<CSTART,NEAR_CODE,RCODE> 1 (was CSTART)
  Relative segment, address: CODE 00000B5D - 00000B62 (0x6 bytes), align: 0
  Segment part 38.            Intra module refs:   ?cmain
           ENTRY                   ADDRESS         REF BY
           =====                   =======         ======
           ?call_main              00000B5D 

    -------------------------------------------------------------------------
  LIBRARY MODULE, NAME : CSTARTUP

  SEGMENTS IN THE MODULE
  ======================
REGISTERS
  Relative segment, address: DATA 00000000, align: 0
  Segment part 0.             Intra module refs:   Segment part 6
           ENTRY                   ADDRESS         REF BY
           =====                   =======         ======
           ?REGISTERS              00000000 
    -------------------------------------------------------------------------
ISTACK
  Relative segment, address: IDATA 00000040, align: 0
  Segment part 1.             Intra module refs:   Segment part 6
           ENTRY                   ADDRESS         REF BY
           =====                   =======         ======
           ?ISTACK_START           00000040 
    -------------------------------------------------------------------------
XSTACK
  Relative segment, address: XDATA 00000002, align: 0
  Segment part 3.             Intra module refs:   ?RESET_XSP
           ENTRY                   ADDRESS         REF BY
           =====                   =======         ======
           ?XSTACK_START           00000002 
    -------------------------------------------------------------------------
INTVEC
  Common segment, address: CODE 00000000 - 00000002 (0x3 bytes), align: 0
  Segment part 5. ROOT        Intra module refs:   Segment part 6
    -------------------------------------------------------------------------
<CSTART,NEAR_CODE,RCODE> 1 (was CSTART)
  Relative segment, address: CODE 00000C64 - 00000C69 (0x6 bytes), align: 0
  Segment part 6. ROOT        Intra module refs:   Segment part 5
           ENTRY                   ADDRESS         REF BY
           =====                   =======         ======
           __program_start         00000C64        Absolute parts (?ABS_ENTRY_MOD)
           ?RESET_SP               00000C67 
    -------------------------------------------------------------------------
<CSTART,NEAR_CODE,RCODE> 1 (was CSTART)
  Relative segment, address: CODE 00000C6A - 00000C6F (0x6 bytes), align: 0
  Segment part 8.
           ENTRY                   ADDRESS         REF BY
           =====                   =======         ======
           ?RESET_XSP              00000C6A        ?XSP (VIRTUAL_REGISTERS)
    -------------------------------------------------------------------------
<CSTART,NEAR_CODE,RCODE> 1 (was CSTART)
  Relative segment, address: CODE 00000C70 - 00000C72 (0x3 bytes), align: 0
  Segment part 13.            Intra module refs:   Absolute parts

    -------------------------------------------------------------------------
  LIBRARY MODULE, NAME : VIRTUAL_REGISTERS

  SEGMENTS IN THE MODULE
  ======================
BREG
  Relative segment, address: BIT 00000020.0 - 00000020.7 (0x8 bits), align: 0
  Segment part 0.
           ENTRY                   ADDRESS         REF BY
           =====                   =======         ======
           ?B0                     00000020.0      Absolute parts (CSTARTUP)
    -------------------------------------------------------------------------
VREG
  Relative segment, address: DATA 00000008 - 00000008 (0x1 bytes), align: 0
  Segment part 1.             Intra module refs:   ?V1
           ENTRY                   ADDRESS         REF BY
           =====                   =======         ======
           ?V0                     00000008        ?FUNC_ENTER_XDATA (?FUNC_ENTER_XDATA)
                                                   ?FUNC_LEAVE_XDATA (?FUNC_LEAVE_XDATA)
                                                   ?Subroutine5 (sb_exec)
                                                   ?UL_GE_X (?UL_GE_X)
                                                   HalFlashRead (hal_flash)
                                                   HalFlashWrite (hal_flash)
                                                   HalUARTWriteISR (sb_main)
                                                   calcCRC (sb_exec)
                                                   main (sb_main)
                                                   recalcCRC (sb_exec)
                                                   runPoly (sb_exec)
                                                   sbCmnd (sb_exec)
                                                   sbExec (sb_exec)
                                                   sbImgValid (sb_exec)
    -------------------------------------------------------------------------
VREG
  Relative segment, address: DATA 00000009 - 00000009 (0x1 bytes), align: 0
  Segment part 2.             Intra module refs:   ?V2
           ENTRY                   ADDRESS         REF BY
           =====                   =======         ======
           ?V1                     00000009        ?Subroutine5 (sb_exec)
                                                   HalFlashRead (hal_flash)
                                                   HalFlashWrite (hal_flash)
                                                   HalUARTWriteISR (sb_main)
                                                   calcCRC (sb_exec)
                                                   main (sb_main)
                                                   recalcCRC (sb_exec)
                                                   runPoly (sb_exec)
                                                   sbCmnd (sb_exec)
                                                   sbExec (sb_exec)
                                                   sbImgValid (sb_exec)
    -------------------------------------------------------------------------
VREG
  Relative segment, address: DATA 0000000A - 0000000A (0x1 bytes), align: 0
  Segment part 3.             Intra module refs:   ?V3
           ENTRY                   ADDRESS         REF BY
           =====                   =======         ======
           ?V2                     0000000A        ?Subroutine5 (sb_exec)
                                                   HalFlashRead (hal_flash)
                                                   calcCRC (sb_exec)
                                                   main (sb_main)
                                                   recalcCRC (sb_exec)
                                                   sbCmnd (sb_exec)
    -------------------------------------------------------------------------
VREG
  Relative segment, address: DATA 0000000B - 0000000B (0x1 bytes), align: 0
  Segment part 4.             Intra module refs:   ?V4
           ENTRY                   ADDRESS         REF BY
           =====                   =======         ======
           ?V3                     0000000B        ?Subroutine5 (sb_exec)
                                                   calcCRC (sb_exec)
                                                   main (sb_main)
                                                   recalcCRC (sb_exec)
                                                   sbCmnd (sb_exec)
    -------------------------------------------------------------------------
VREG
  Relative segment, address: DATA 0000000C - 0000000C (0x1 bytes), align: 0
  Segment part 5.             Intra module refs:   ?V5
           ENTRY                   ADDRESS         REF BY
           =====                   =======         ======
           ?V4                     0000000C        calcCRC (sb_exec)
                                                   main (sb_main)
                                                   recalcCRC (sb_exec)
                                                   sbCmnd (sb_exec)
    -------------------------------------------------------------------------
VREG
  Relative segment, address: DATA 0000000D - 0000000D (0x1 bytes), align: 0
  Segment part 6.             Intra module refs:   ?V6
           ENTRY                   ADDRESS         REF BY
           =====                   =======         ======
           ?V5                     0000000D        calcCRC (sb_exec)
                                                   main (sb_main)
                                                   recalcCRC (sb_exec)
                                                   sbCmnd (sb_exec)
    -------------------------------------------------------------------------
VREG
  Relative segment, address: DATA 0000000E - 0000000E (0x1 bytes), align: 0
  Segment part 7.             Intra module refs:   ?V7
           ENTRY                   ADDRESS         REF BY
           =====                   =======         ======
           ?V6                     0000000E        calcCRC (sb_exec)
                                                   main (sb_main)
                                                   recalcCRC (sb_exec)
                                                   sbCmnd (sb_exec)
    -------------------------------------------------------------------------
VREG
  Relative segment, address: DATA 0000000F - 0000000F (0x1 bytes), align: 0
  Segment part 8.             Intra module refs:   ?V8
           ENTRY                   ADDRESS         REF BY
           =====                   =======         ======
           ?V7                     0000000F        calcCRC (sb_exec)
                                                   main (sb_main)
                                                   recalcCRC (sb_exec)
                                                   sbCmnd (sb_exec)
    -------------------------------------------------------------------------
VREG
  Relative segment, address: DATA 00000010 - 00000010 (0x1 bytes), align: 0
  Segment part 9.             Intra module refs:   ?V9
           ENTRY                   ADDRESS         REF BY
           =====                   =======         ======
           ?V8                     00000010        ?Subroutine5 (sb_exec)
                                                   calcCRC (sb_exec)
                                                   recalcCRC (sb_exec)
                                                   sbCmnd (sb_exec)
    -------------------------------------------------------------------------
VREG
  Relative segment, address: DATA 00000011 - 00000011 (0x1 bytes), align: 0
  Segment part 10.            Intra module refs:   ?V10
           ENTRY                   ADDRESS         REF BY
           =====                   =======         ======
           ?V9                     00000011        ?Subroutine5 (sb_exec)
                                                   calcCRC (sb_exec)
                                                   recalcCRC (sb_exec)
                                                   sbCmnd (sb_exec)
    -------------------------------------------------------------------------
VREG
  Relative segment, address: DATA 00000012 - 00000012 (0x1 bytes), align: 0
  Segment part 11.            Intra module refs:   ?V11
           ENTRY                   ADDRESS         REF BY
           =====                   =======         ======
           ?V10                    00000012        ?Subroutine5 (sb_exec)
                                                   calcCRC (sb_exec)
                                                   recalcCRC (sb_exec)
    -------------------------------------------------------------------------
VREG
  Relative segment, address: DATA 00000013 - 00000013 (0x1 bytes), align: 0
  Segment part 12.            Intra module refs:   ?V12
           ENTRY                   ADDRESS         REF BY
           =====                   =======         ======
           ?V11                    00000013        ?Subroutine5 (sb_exec)
                                                   calcCRC (sb_exec)
                                                   recalcCRC (sb_exec)
    -------------------------------------------------------------------------
VREG
  Relative segment, address: DATA 00000014 - 00000014 (0x1 bytes), align: 0
  Segment part 13.            Intra module refs:   ?V13
           ENTRY                   ADDRESS         REF BY
           =====                   =======         ======
           ?V12                    00000014        ?Subroutine4 (sb_exec)
                                                   ?Subroutine6 (sb_exec)
                                                   calcCRC (sb_exec)
                                                   recalcCRC (sb_exec)
    -------------------------------------------------------------------------
VREG
  Relative segment, address: DATA 00000015 - 00000015 (0x1 bytes), align: 0
  Segment part 14.
           ENTRY                   ADDRESS         REF BY
           =====                   =======         ======
           ?V13                    00000015        ?Subroutine4 (sb_exec)
                                                   ?Subroutine6 (sb_exec)
                                                   calcCRC (sb_exec)
                                                   recalcCRC (sb_exec)
    -------------------------------------------------------------------------
XSP
  Relative segment, address: DATA 00000016 - 00000017 (0x2 bytes), align: 0
  Segment part 34.
           ENTRY                   ADDRESS         REF BY
           =====                   =======         ======
           ?XSP                    00000016        ?ADD_XSTACK_DISP0_16 (?ADD_XSTACK_DISP16)
                                                   ?ADD_XSTACK_DISP0_8 (?ADD_XSTACK_DISP8)
                                                   ?ALLOC_XSTACK8 (?ALLOC_XSTACK8)
                                                   ?DEALLOC_XSTACK8 (?DEALLOC_XSTACK8)
                                                   ?FUNC_ENTER_XDATA (?FUNC_ENTER_XDATA)
                                                   ?FUNC_LEAVE_XDATA (?FUNC_LEAVE_XDATA)
                                                   ?RESET_XSP (CSTARTUP)
                                                   ?Subroutine3 (sb_exec)
                                                   ?Subroutine4 (sb_exec)
                                                   ?Subroutine7 (sb_exec)
                                                   ?XSTACK_DISP0_8 (?XSTACK_DISP8)
                                                   ?XSTACK_DISP102_8 (?XSTACK_DISP8_RP)
                                                   main (sb_main)
                                                   sbCmnd (sb_exec)
                                                   sbExec (sb_exec)
                                                   sbImgValid (sb_exec)

    -------------------------------------------------------------------------
  LIBRARY MODULE, NAME : ?L_EQ_X

  SEGMENTS IN THE MODULE
  ======================
<CSTART,NEAR_CODE,RCODE> 1 (was RCODE)
  Relative segment, address: CODE 00000C05 - 00000C19 (0x15 bytes), align: 0
  Segment part 1.
           ENTRY                   ADDRESS         REF BY
           =====                   =======         ======
           ?L_EQ_X                 00000C05        calcCRC (sb_exec)
                                                   recalcCRC (sb_exec)

    -------------------------------------------------------------------------
  LIBRARY MODULE, NAME : ?UL_GE_X

  SEGMENTS IN THE MODULE
  ======================
<CSTART,NEAR_CODE,RCODE> 1 (was RCODE)
  Relative segment, address: CODE 00000B63 - 00000B81 (0x1f bytes), align: 0
  Segment part 1.
           ENTRY                   ADDRESS         REF BY
           =====                   =======         ======
           ?UL_GE_X                00000B63        calcCRC (sb_exec)
                                                   main (sb_main)
                                                   recalcCRC (sb_exec)

    -------------------------------------------------------------------------
  LIBRARY MODULE, NAME : ?UL_SHR

  SEGMENTS IN THE MODULE
  ======================
<CSTART,NEAR_CODE,RCODE> 1 (was RCODE)
  Relative segment, address: CODE 00000BD6 - 00000BDA (0x5 bytes), align: 0
  Segment part 1.             Intra module refs:   Segment part 2
           ENTRY                   ADDRESS         REF BY
           =====                   =======         ======
           ?UL_SHR                 00000BD6        calcCRC (sb_exec)
                                                   recalcCRC (sb_exec)
    -------------------------------------------------------------------------
<CSTART,NEAR_CODE,RCODE> 1 (was RCODE)
  Relative segment, address: CODE 00000BDB - 00000BEE (0x14 bytes), align: 0
  Segment part 2.             Intra module refs:   ?UL_SHR

    -------------------------------------------------------------------------
  LIBRARY MODULE, NAME : ?L_ADD

  SEGMENTS IN THE MODULE
  ======================
<CSTART,NEAR_CODE,RCODE> 1 (was RCODE)
  Relative segment, address: CODE 00000C40 - 00000C52 (0x13 bytes), align: 0
  Segment part 1.
           ENTRY                   ADDRESS         REF BY
           =====                   =======         ======
           ?L_ADD                  00000C40        calcCRC (sb_exec)
                                                   recalcCRC (sb_exec)

    -------------------------------------------------------------------------
  LIBRARY MODULE, NAME : ?L_ADD_X

  SEGMENTS IN THE MODULE
  ======================
<CSTART,NEAR_CODE,RCODE> 1 (was RCODE)
  Relative segment, address: CODE 00000C2D - 00000C3F (0x13 bytes), align: 0
  Segment part 1.
           ENTRY                   ADDRESS         REF BY
           =====                   =======         ======
           ?L_ADD_X                00000C2D        calcCRC (sb_exec)
                                                   main (sb_main)
                                                   recalcCRC (sb_exec)

    -------------------------------------------------------------------------
  LIBRARY MODULE, NAME : ?MOVE_LONG8_XDATA_IDATA

  SEGMENTS IN THE MODULE
  ======================
<CSTART,NEAR_CODE,RCODE> 1 (was RCODE)
  Relative segment, address: CODE 00000C82 - 00000C8E (0xd bytes), align: 0
  Segment part 0.
           ENTRY                   ADDRESS         REF BY
           =====                   =======         ======
           ?MOVE_LONG8_XDATA_IDATA
                                   00000C82        ?PUSH_XSTACK_I (?PUSH_XSTACK_I)

    -------------------------------------------------------------------------
  LIBRARY MODULE, NAME : ?US_SHR

  SEGMENTS IN THE MODULE
  ======================
<CSTART,NEAR_CODE,RCODE> 1 (was RCODE)
  Relative segment, address: CODE 00000C73 - 00000C75 (0x3 bytes), align: 0
  Segment part 1.             Intra module refs:   Segment part 2
           ENTRY                   ADDRESS         REF BY
           =====                   =======         ======
           ?US_SHR                 00000C73        HalFlashWrite (hal_flash)
                                                   runPoly (sb_exec)
                                                   sbCmnd (sb_exec)
    -------------------------------------------------------------------------
<CSTART,NEAR_CODE,RCODE> 1 (was RCODE)
  Relative segment, address: CODE 00000C76 - 00000C81 (0xc bytes), align: 0
  Segment part 2.             Intra module refs:   ?US_SHR

    -------------------------------------------------------------------------
  LIBRARY MODULE, NAME : ?S_SHL

  SEGMENTS IN THE MODULE
  ======================
<CSTART,NEAR_CODE,RCODE> 1 (was RCODE)
  Relative segment, address: CODE 00000C1A - 00000C1C (0x3 bytes), align: 0
  Segment part 0.
           ENTRY                   ADDRESS         REF BY
           =====                   =======         ======
           ?S_SHL                  00000C1A        HalFlashRead (hal_flash)
                                                   sbCmnd (sb_exec)
    -------------------------------------------------------------------------
<CSTART,NEAR_CODE,RCODE> 1 (was RCODE)
  Relative segment, address: CODE 00000C1D - 00000C1F (0x3 bytes), align: 0
  Segment part 1.             Intra module refs:   Segment part 2
           ENTRY                   ADDRESS         REF BY
           =====                   =======         ======
           ?S_SHL_REW              00000C1D 
    -------------------------------------------------------------------------
<CSTART,NEAR_CODE,RCODE> 1 (was RCODE)
  Relative segment, address: CODE 00000C20 - 00000C2C (0xd bytes), align: 0
  Segment part 2.             Intra module refs:   ?S_SHL
                                                   ?S_SHL_REW

    -------------------------------------------------------------------------
  LIBRARY MODULE, NAME : ?ALLOC_XSTACK8

  SEGMENTS IN THE MODULE
  ======================
<CSTART,NEAR_CODE,RCODE> 1 (was RCODE)
  Relative segment, address: CODE 00000BEF - 00000C04 (0x16 bytes), align: 0
  Segment part 0.
           ENTRY                   ADDRESS         REF BY
           =====                   =======         ======
           ?ALLOC_XSTACK8          00000BEF        main (sb_main)
                                                   sbCmnd (sb_exec)
                                                   sbExec (sb_exec)
                                                   sbImgValid (sb_exec)

    -------------------------------------------------------------------------
  LIBRARY MODULE, NAME : ?DEALLOC_XSTACK8

  SEGMENTS IN THE MODULE
  ======================
<CSTART,NEAR_CODE,RCODE> 1 (was RCODE)
  Relative segment, address: CODE 00000BBB - 00000BD5 (0x1b bytes), align: 0
  Segment part 0.
           ENTRY                   ADDRESS         REF BY
           =====                   =======         ======
           ?DEALLOC_XSTACK8        00000BBB        ?Subroutine0 (sb_exec)
                                                   calcCRC (sb_exec)
                                                   recalcCRC (sb_exec)
                                                   sbCmnd (sb_exec)
                                                   sbImgValid (sb_exec)

    -------------------------------------------------------------------------
  LIBRARY MODULE, NAME : ?ADD_XSTACK_DISP8

  SEGMENTS IN THE MODULE
  ======================
<CSTART,NEAR_CODE,RCODE> 1 (was RCODE)
  Relative segment, address: CODE 00000BA0 - 00000BBA (0x1b bytes), align: 0
  Segment part 1.
           ENTRY                   ADDRESS         REF BY
           =====                   =======         ======
           ?ADD_XSTACK_DISP0_8     00000BA0        ?PUSH_XSTACK_I (?PUSH_XSTACK_I)

    -------------------------------------------------------------------------
  LIBRARY MODULE, NAME : ?ADD_XSTACK_DISP16

  SEGMENTS IN THE MODULE
  ======================
<CSTART,NEAR_CODE,RCODE> 1 (was RCODE)
  Relative segment, address: CODE 00000B82 - 00000B9F (0x1e bytes), align: 0
  Segment part 1.
           ENTRY                   ADDRESS         REF BY
           =====                   =======         ======
           ?ADD_XSTACK_DISP0_16    00000B82        ?Subroutine1 (sb_exec)
                                                   calcCRC (sb_exec)
                                                   recalcCRC (sb_exec)

    -------------------------------------------------------------------------
  LIBRARY MODULE, NAME : ?XSTACK_DISP8

  SEGMENTS IN THE MODULE
  ======================
<CSTART,NEAR_CODE,RCODE> 1 (was RCODE)
  Relative segment, address: CODE 00000C8F - 00000C98 (0xa bytes), align: 0
  Segment part 1.
           ENTRY                   ADDRESS         REF BY
           =====                   =======         ======
           ?XSTACK_DISP0_8         00000C8F        HalFlashRead (hal_flash)
                                                   HalFlashWrite (hal_flash)
                                                   sbCmnd (sb_exec)
                                                   sbImgValid (sb_exec)

    -------------------------------------------------------------------------
  LIBRARY MODULE, NAME : ?XSTACK_DISP8_RP

  SEGMENTS IN THE MODULE
  ======================
<CSTART,NEAR_CODE,RCODE> 1 (was RCODE)
  Relative segment, address: CODE 00000C99 - 00000CA0 (0x8 bytes), align: 0
  Segment part 2.
           ENTRY                   ADDRESS         REF BY
           =====                   =======         ======
           ?XSTACK_DISP102_8       00000C99        calcCRC (sb_exec)
                                                   recalcCRC (sb_exec)
                                                   sbCmnd (sb_exec)
                                                   sbImgValid (sb_exec)

    -------------------------------------------------------------------------
  LIBRARY MODULE, NAME : ?FUNC_ENTER_XDATA

  SEGMENTS IN THE MODULE
  ======================
<CSTART,NEAR_CODE,RCODE> 1 (was RCODE)
  Relative segment, address: CODE 00000A81 - 00000AE6 (0x66 bytes), align: 0
  Segment part 1.
           ENTRY                   ADDRESS         REF BY
           =====                   =======         ======
           ?FUNC_ENTER_XDATA       00000A81        HalFlashRead (hal_flash)
                                                   HalFlashWrite (hal_flash)
                                                   HalUARTReadISR (sb_main)
                                                   HalUARTWriteISR (sb_main)
                                                   calcCRC (sb_exec)
                                                   recalcCRC (sb_exec)
                                                   sbCmnd (sb_exec)
                                                   sbExec (sb_exec)
                                                   sbImgValid (sb_exec)

    -------------------------------------------------------------------------
  LIBRARY MODULE, NAME : ?FUNC_LEAVE_XDATA

  SEGMENTS IN THE MODULE
  ======================
<CSTART,NEAR_CODE,RCODE> 1 (was RCODE)
  Relative segment, address: CODE 00000AE7 - 00000B26 (0x40 bytes), align: 0
  Segment part 1.
           ENTRY                   ADDRESS         REF BY
           =====                   =======         ======
           ?FUNC_LEAVE_XDATA       00000AE7        ?Subroutine0 (sb_exec)
                                                   ?Subroutine1 (sb_exec)
                                                   HalFlashRead (hal_flash)
                                                   HalFlashWrite (hal_flash)
                                                   HalUARTReadISR (sb_main)
                                                   HalUARTWriteISR (sb_main)
                                                   sbCmnd (sb_exec)

    -------------------------------------------------------------------------
  LIBRARY MODULE, NAME : ?PUSH_XSTACK_I

  SEGMENTS IN THE MODULE
  ======================
<CSTART,NEAR_CODE,RCODE> 1 (was RCODE)
  Relative segment, address: CODE 00000C53 - 00000C56 (0x4 bytes), align: 0
  Segment part 2.
           ENTRY                   ADDRESS         REF BY
           =====                   =======         ======
           ?PUSH_XSTACK_I_TWO      00000C53        calcCRC (sb_exec)
                                                   recalcCRC (sb_exec)
                                                   sbCmnd (sb_exec)
                                                   sbImgValid (sb_exec)
    -------------------------------------------------------------------------
<CSTART,NEAR_CODE,RCODE> 1 (was RCODE)
  Relative segment, address: CODE 00000C57 - 00000C63 (0xd bytes), align: 0
  Segment part 4.             Intra module refs:   ?PUSH_XSTACK_I_TWO
           ENTRY                   ADDRESS         REF BY
           =====                   =======         ======
           ?PUSH_XSTACK_I          00000C57 

    *************************************************************************

  DEFINED ABSOLUTE ENTRIES
  PROGRAM MODULE, NAME : ?FILLER_BYTES

  SEGMENTS IN THE MODULE
  ======================
INTVEC
  Common segment, address: CODE 00000000 - 0000008D (0x8e bytes), align: 0
  Segment part 1.
    -------------------------------------------------------------------------
?FILL1
  Relative segment, address: CODE 00000CA6 - 00001FFF (0x135a bytes), align: 0
  Segment part 0.




                ****************************************
                *                                      *
                *            MODULE SUMMARY            *
                *                                      *
                ****************************************

Module                    CODE      DATA      XDATA  IDATA    BIT
------                    ----      ----      -----  -----    ---
                         (Rel)  (Rel)  (Abs)  (Rel)  (Rel)  (Rel)
?ADD_XSTACK_DISP16          30
?ADD_XSTACK_DISP8           27
?ALLOC_XSTACK8              22
?DEALLOC_XSTACK8            27
?FILLER_BYTES            4 954
  + common                 142
?FUNC_ENTER_XDATA          102
?FUNC_LEAVE_XDATA           64
?L_ADD                      19
?L_ADD_X                    19
?L_EQ_X                     21
?MOVE_LONG8_XDATA_IDATA     13
?PUSH_XSTACK_I              17
?S_SHL                      19
?UL_GE_X                    31
?UL_SHR                     25
?US_SHR                     15
?XSTACK_DISP8               10
?XSTACK_DISP8_RP             8
?cexit                       5
?cmain                      60
CSTARTUP                    15
  + common                   3
VIRTUAL_REGISTERS                  16                           8
hal_flash                  257             3
  + shared                                 1
interrupt_stubs
  + common                 142
sb_exec                  1 535                  154
sb_main                    755            26    537
N/A (command line)                  8           768    192
N/A (alignment)
----------               -----     --     --  -----    ---      -
Total:                   8 050     24     30  1 459    192      8
  + common                 142


                ****************************************
                *                                      *
                *      SEGMENTS IN ADDRESS ORDER       *
                *                                      *
                ****************************************


SEGMENT              SPACE    START ADDRESS   END ADDRESS     SIZE  TYPE  ALIGN
=======              =====    =============   ===========     ====  ====  =====
INTVEC               CODE          00000000 - 0000008D          8E   com    1
PDATA_ID             CODE               0000008E                     dse    0
IXDATA_ID            CODE               0000008E                     dse    0
IDATA_ID             CODE               0000008E                     dse    0
DATA_ID              CODE               0000008E                     dse    0
BIT_ID               CODE               0000008E                     dse    0
BDATA_ID             CODE               0000008E                     dse    0
XDATA_ID             CODE          0000008E - 000000AD          20   rel    0
<CSTART,NEAR_CODE,RCODE> 1
                     CODE          000000AE - 00000CA5         BF8   rel    0
?FILL1               CODE          00000CA6 - 00001FFF        135A   rel    0
REGISTERS            DATA          00000000 - 00000007           8   rel    0
VREG                 DATA          00000008 - 00000015           E   rel    0
PSP                  DATA               00000016                     dse    0
XSP                  DATA          00000016 - 00000017           2   rel    0
BREG                 BIT        00000020.0  -  00000020.7        8   rel    0
SFR_AN               DATA          00000086 - 00000086           1   rel    0
                     DATA          00000088 - 00000088           1 
                     DATA          0000008F - 00000090           2 
                     DATA          0000009D - 0000009E           2 
                     DATA          000000A8 - 000000A8           1 
                     DATA          000000B4 - 000000B4           1 
                     DATA          000000B6 - 000000B6           1 
                     DATA          000000BB - 000000BB           1 
                     DATA          000000BE - 000000BE           1 
                     DATA          000000C1 - 000000C2           2 
                     DATA          000000C4 - 000000C7           4 
                     DATA          000000C9 - 000000C9           1 
                     DATA          000000D1 - 000000D1           1 
                     DATA          000000D4 - 000000D6           3 
                     DATA          000000E8 - 000000E8           1 
                     DATA          000000F1 - 000000F4           4 
                     DATA          000000FD - 000000FF           3 
XSTACK               XDATA         00000002 - 00000301         300   rel    0
XDATA_Z              XDATA         00000302 - 00000594         293   rel    0
XDATA_I              XDATA         00000595 - 000005B4          20   rel    0
ISTACK               IDATA         00000040 - 000000FF          C0   rel    0

                ****************************************
                *                                      *
                *        END OF CROSS REFERENCE        *
                *                                      *
                ****************************************

 3 238 bytes of CODE  memory (+             4 954 range fill )
    24 bytes of DATA  memory (+ 30 absolute )
 1 459 bytes of XDATA memory
   192 bytes of IDATA memory
     8 bits  of BIT   memory

Errors: none
Warnings: none

